nouvelle session
ajoute candidat Valérian
ajoute candidat Elodie
ajoute formation Polytech Paris-Saclay (1 places)
ajoute formation Université Toulouse III (1 places)
commission de classement de Polytech Paris-Saclay : [Valérian; Elodie]
commission de classement de Université Toulouse III : [Valérian; Elodie]
réunit commissions
nouveau jour
Voeux en attente de Valérian : {}
Propositions en attente de Valérian : {}
Voeux en attente de Elodie : {}
Propositions en attente de Elodie : {}
