nouvelle session
ajoute candidat Ahmed
ajoute candidat Houefa
ajoute formation IUT Lokossa (1 places)
ajoute formation Université Grenoble Alpes (1 places)
ajoute voeu de Ahmed pour IUT Lokossa
ajoute voeu de Ahmed pour Université Grenoble Alpes
ajoute voeu de Houefa pour IUT Lokossa
ajoute voeu de Houefa pour Université Grenoble Alpes
commission de classement de IUT Lokossa : [Houefa; Ahmed]
commission de classement de Université Grenoble Alpes : [Houefa; Ahmed]
réunit commissions
nouveau jour
Voeux en attente de Ahmed : {IUT Lokossa(0), Université Grenoble Alpes(0)}
Propositions en attente de Ahmed : {}
Voeux en attente de Houefa : {}
Propositions en attente de Houefa : {IUT Lokossa, Université Grenoble Alpes}
Houefa renonce à IUT Lokossa
nouveau jour
Voeux en attente de Ahmed : {Université Grenoble Alpes(0)}
Propositions en attente de Ahmed : {IUT Lokossa}
Voeux en attente de Houefa : {}
Propositions en attente de Houefa : {Université Grenoble Alpes}
